{
  "workflowRunCount" : 1,
  "studies" : [ "extracellularRNA" ],
  "sequencerRuns" : [ "150520_SN7001179_0226_AC5R4BACXX" ],
  "lanes" : [ "150520_SN7001179_0226_AC5R4BACXX_lane_4" ],
  "samples" : [ "ERNA_0066_nn_C_PE_423_WT" ],
  "workflows" : [ "RNAseqAligner-Tophat" ],
  "processingAlgorithms" : [ "ProvisionFiles" ],
  "fileMetaTypes" : [ "application/bam" ],
  "maxInputFiles" : 1,
  "minInputFiles" : 1,
  "totalInputFiles" : 1,
  "maxOutputFileProvenanceRecords" : 1,
  "minOutputFileProvenanceRecords" : 1,
  "totalOutputFileProvenanceRecords" : 1,
  "workflowRuns" : [ {
    "workflowIni" : {
      "bundled_jre" : "jre1.8.0_45",
      "check_points" : "400",
      "checked_snps" : "/.mounts/labs/PDE/data/SampleFingerprinting/snps/dbsnp137.hg19.402.overlap.vcf.gz",
      "data_dir" : "data",
      "dcov" : "200",
      "gatk_java" : "/.mounts/labs/PDE/Modules/sw/jvm/jdk1.7.0_79/bin/java",
      "gatk_prefix" : "./",
      "gatk_version" : "2.7-2-g6bda569",
      "genome_file" : "/.mounts/labs/PDE/data/SampleFingerprinting/fasta/hg19.fa",
      "manual_output" : "false",
      "memory_job_bam_index" : "4000",
      "memory_job_fin" : "4000",
      "memory_job_gatk" : "8000",
      "memory_job_index" : "10000",
      "memory_job_reorder" : "7000",
      "memory_job_vcf_prep" : "4000",
      "metadata" : "metadata",
      "output_dir" : "seqware-results",
      "picard_memory" : "7000",
      "picard_version" : "1.72",
      "preprocess_bam" : "false",
      "provision_vcfs" : "true",
      "queue" : "",
      "rg_details" : "1970646:ILLUMINA:150520_SN7001179_0226_AC5R4BACXX_4_GCCAAT:ERNA_0066_nn_C_PE_423_WT:ERNA_0066",
      "samtools_version" : "0.1.19",
      "stand_call_conf" : "50.0",
      "stand_emit_conf" : "10.0",
      "study_name" : "ERNA",
      "tabix_version" : "0.2.6",
      "vcftools_version" : "0.1.10"
    },
    "files" : [ {
      "studyTitle" : [ "extracellularRNA" ],
      "studyAttributes" : {
        "geo_lab_group_id" : [ [ "176" ] ]
      },
      "experimentName" : [ ],
      "experimentAttributes" : { },
      "sampleName" : [ "ERNA_0066_nn_C_PE_423_WT" ],
      "sampleAttributes" : {
        "geo_external_name" : [ [ "TC32_ctrl_total" ] ],
        "geo_library_source_template_type" : [ [ "WT" ] ],
        "geo_organism" : [ [ "Homo sapiens" ] ],
        "geo_prep_kit" : [ [ "TruSeq_Stranded_TotalRNA" ] ],
        "geo_run_id_and_position_and_slot" : [ [ "2276_4_1" ] ],
        "geo_template_id" : [ [ "77256", "77260", "77264", "77268", "77272" ] ],
        "geo_template_type" : [ [ "Identity", "Illumina PE Library Seq", "Illumina WT Library", "rRNA_depleted", "whole RNA" ] ],
        "geo_tissue_origin" : [ [ "nn" ] ],
        "geo_tissue_type" : [ [ "C" ] ]
      },
      "sequencerRunName" : [ "150520_SN7001179_0226_AC5R4BACXX" ],
      "sequencerRunAttributes" : {
        "geo_instrument_run_id" : [ [ "2276" ] ]
      },
      "laneName" : [ "150520_SN7001179_0226_AC5R4BACXX_lane_4" ],
      "laneAttributes" : {
        "geo_lane" : [ [ "4" ] ]
      },
      "iusTag" : [ "GCCAAT" ],
      "iusAttributes" : { },
      "workflowName" : [ "RNAseqAligner-Tophat" ],
      "processingAlgorithm" : [ "ProvisionFiles" ],
      "processingAttributes" : { },
      "fileMetaType" : [ "application/bam" ],
      "fileAttributes" : { },
      "fileId" : 634006829
    } ],
    "outputFileProvenanceRecords" : 1
  } ]
}