{
  "workflowRunCount" : 1,
  "studies" : [ "PCSI" ],
  "sequencerRuns" : [ "161014_D00355_0133_AC6RFUANXX", "161014_D00355_0134_BC9EVKANXX" ],
  "lanes" : [ "161014_D00355_0133_AC6RFUANXX_lane_4", "161014_D00355_0133_AC6RFUANXX_lane_5", "161014_D00355_0133_AC6RFUANXX_lane_6", "161014_D00355_0134_BC9EVKANXX_lane_1", "161014_D00355_0134_BC9EVKANXX_lane_2" ],
  "samples" : [ "PCSI_0676_Lv_M_PE_441_WG", "PCSI_0676_Lv_M_PE_460_WG", "PCSI_0676_Ly_R_PE_482_WG" ],
  "workflows" : [ "BwaMem" ],
  "processingAlgorithms" : [ "ProvisionFiles" ],
  "fileMetaTypes" : [ "application/bam" ],
  "maxInputFiles" : 5,
  "minInputFiles" : 5,
  "totalInputFiles" : 5,
  "maxOutputFileProvenanceRecords" : 5,
  "minOutputFileProvenanceRecords" : 5,
  "totalOutputFileProvenanceRecords" : 5,
  "workflowRuns" : [ {
    "workflowIni" : {
      "R_module" : "R/3.2.1-deb8",
      "Rlibs_version" : "3.2",
      "bicseq_version" : "1.1.2",
      "data_dir" : "data",
      "do_sort" : "true",
      "external_name" : "NA,NA,NA",
      "force_crosscheck" : "true",
      "freec_version" : "7.2",
      "group_id" : "526,526,526",
      "group_id_description" : "LCM,LCM,LCM",
      "hmmcopy_version" : "0.99.0",
      "input_files_normal" : "/oicr/data/archive/seqware/seqware_analysis_8/hsqwprod/seqware-results/BwaMem_1.1/34022746/SWID_5171033_PCSI_0676_Ly_R_PE_482_WG_161014_D00355_0133_AC6RFUANXX_CAACTA_L005_001.annotated.bam,/oicr/data/archive/seqware/seqware_analysis_8/hsqwprod/seqware-results/BwaMem_1.1/49372635/SWID_5171031_PCSI_0676_Ly_R_PE_482_WG_161014_D00355_0134_BC9EVKANXX_CAACTA_L002_001.annotated.bam",
      "input_files_tumor" : "/oicr/data/archive/seqware/seqware_analysis_8/hsqwprod/seqware-results/BwaMem_1.1/92950508/SWID_5171024_PCSI_0676_Lv_M_PE_441_WG_526_161014_D00355_0133_AC6RFUANXX_CAAAAG_L006_001.annotated.bam,/oicr/data/archive/seqware/seqware_analysis_8/hsqwprod/seqware-results/BwaMem_1.1/49012750/SWID_5171027_PCSI_0676_Lv_M_PE_460_WG_526_161014_D00355_0134_BC9EVKANXX_ATTCCT_L001_001.annotated.bam,/oicr/data/archive/seqware/seqware_analysis_8/hsqwprod/seqware-results/BwaMem_1.1/1883198/SWID_5171029_PCSI_0676_Lv_M_PE_460_WG_526_161014_D00355_0133_AC6RFUANXX_ATTCCT_L004_001.annotated.bam",
      "jre-version" : "1.8.0_45",
      "manual_output" : "false",
      "metadata" : "metadata",
      "output_dir" : "seqware-results",
      "queue" : "",
      "readcounter_window" : "1000",
      "reference_fasta" : "/.mounts/labs/PDE/data/reference/hg19_random/fasta/UCSC/hg19_random.fa",
      "reference_gc" : "/.mounts/labs/PDE/data/HMMcopy/hg19_random.gc.wig",
      "reference_len_file" : "/.mounts/labs/PDE/data/FREEC/hg19_chr.len",
      "reference_map" : "/.mounts/labs/PDE/data/HMMcopy/hg19_random.map.wig",
      "samtools_version" : "0.1.19",
      "skip_missing_files" : "true",
      "supported_chromosomes" : "chr1,chr2,chr3,chr4,chr5,chr6,chr7,chr8,chr9,chr10,chr11,chr12,chr13,chr14,chr15,chr16,chr17,chr18,chr19,chr20,chr21,chr22,chrX,chrY",
      "target_file" : "",
      "template_type" : "WG",
      "varscan_java_xmx" : "6",
      "varscan_pvalue" : "0.05",
      "varscan_version" : "2.4.3"
    },
    "files" : [ {
      "studyTitle" : [ "PCSI" ],
      "studyAttributes" : {
        "geo_lab_group_id" : [ [ "33" ] ]
      },
      "experimentName" : [ ],
      "experimentAttributes" : { },
      "sampleName" : [ "PCSI_0676_Lv_M_PE_441_WG" ],
      "sampleAttributes" : {
        "geo_external_name" : [ [ "1_43125", "1_43125 COMP-0033" ] ],
        "geo_group_id" : [ [ "526" ] ],
        "geo_group_id_description" : [ [ "LCM" ] ],
        "geo_library_source_template_type" : [ [ "WG" ] ],
        "geo_organism" : [ [ "Homo sapiens" ] ],
        "geo_prep_kit" : [ [ "KAPA Hyper Prep" ] ],
        "geo_purpose" : [ [ "Library", "Stock" ] ],
        "geo_receive_date" : [ [ "2016-10-03" ] ],
        "geo_run_id_and_position_and_slot" : [ [ "2469_6_1" ] ],
        "geo_str_result" : [ [ "Not Submitted" ] ],
        "geo_template_id" : [ [ "111630", "111633", "111961", "111968", "111998", "112001" ] ],
        "geo_template_type" : [ [ "Identity", "Illumina PE Library", "Illumina PE Library Seq", "Metastatic Tumor Tissue", "gDNA" ] ],
        "geo_tissue_origin" : [ [ "Lv" ] ],
        "geo_tissue_type" : [ [ "M" ] ]
      },
      "sequencerRunName" : [ "161014_D00355_0133_AC6RFUANXX" ],
      "sequencerRunAttributes" : {
        "geo_instrument_run_id" : [ [ "2469" ] ]
      },
      "laneName" : [ "161014_D00355_0133_AC6RFUANXX_lane_6" ],
      "laneAttributes" : {
        "geo_lane" : [ [ "6" ] ]
      },
      "iusTag" : [ "CAAAAG" ],
      "iusAttributes" : { },
      "workflowName" : [ "BwaMem" ],
      "processingAlgorithm" : [ "ProvisionFiles" ],
      "processingAttributes" : { },
      "fileMetaType" : [ "application/bam" ],
      "fileAttributes" : { },
      "fileId" : -338065823
    }, {
      "studyTitle" : [ "PCSI" ],
      "studyAttributes" : {
        "geo_lab_group_id" : [ [ "33" ] ]
      },
      "experimentName" : [ ],
      "experimentAttributes" : { },
      "sampleName" : [ "PCSI_0676_Lv_M_PE_460_WG" ],
      "sampleAttributes" : {
        "geo_external_name" : [ [ "1_43125", "1_43125 COMP-0033" ] ],
        "geo_group_id" : [ [ "526" ] ],
        "geo_group_id_description" : [ [ "LCM" ] ],
        "geo_library_source_template_type" : [ [ "WG" ] ],
        "geo_organism" : [ [ "Homo sapiens" ] ],
        "geo_prep_kit" : [ [ "KAPA Hyper Prep" ] ],
        "geo_purpose" : [ [ "Library", "Stock" ] ],
        "geo_receive_date" : [ [ "2016-10-03" ] ],
        "geo_run_id_and_position_and_slot" : [ [ "2469_4_1", "2470_1_2" ] ],
        "geo_str_result" : [ [ "Not Submitted" ] ],
        "geo_template_id" : [ [ "111630", "111633", "111961", "111968", "111995", "111999" ] ],
        "geo_template_type" : [ [ "Identity", "Illumina PE Library", "Illumina PE Library Seq", "Metastatic Tumor Tissue", "gDNA" ] ],
        "geo_tissue_origin" : [ [ "Lv" ] ],
        "geo_tissue_type" : [ [ "M" ] ]
      },
      "sequencerRunName" : [ "161014_D00355_0133_AC6RFUANXX" ],
      "sequencerRunAttributes" : {
        "geo_instrument_run_id" : [ [ "2469" ] ]
      },
      "laneName" : [ "161014_D00355_0133_AC6RFUANXX_lane_4" ],
      "laneAttributes" : {
        "geo_lane" : [ [ "4" ] ]
      },
      "iusTag" : [ "ATTCCT" ],
      "iusAttributes" : { },
      "workflowName" : [ "BwaMem" ],
      "processingAlgorithm" : [ "ProvisionFiles" ],
      "processingAttributes" : { },
      "fileMetaType" : [ "application/bam" ],
      "fileAttributes" : { },
      "fileId" : 721912136
    }, {
      "studyTitle" : [ "PCSI" ],
      "studyAttributes" : {
        "geo_lab_group_id" : [ [ "33" ] ]
      },
      "experimentName" : [ ],
      "experimentAttributes" : { },
      "sampleName" : [ "PCSI_0676_Lv_M_PE_460_WG" ],
      "sampleAttributes" : {
        "geo_external_name" : [ [ "1_43125", "1_43125 COMP-0033" ] ],
        "geo_group_id" : [ [ "526" ] ],
        "geo_group_id_description" : [ [ "LCM" ] ],
        "geo_library_source_template_type" : [ [ "WG" ] ],
        "geo_organism" : [ [ "Homo sapiens" ] ],
        "geo_prep_kit" : [ [ "KAPA Hyper Prep" ] ],
        "geo_purpose" : [ [ "Library", "Stock" ] ],
        "geo_receive_date" : [ [ "2016-10-03" ] ],
        "geo_run_id_and_position_and_slot" : [ [ "2469_4_1", "2470_1_2" ] ],
        "geo_str_result" : [ [ "Not Submitted" ] ],
        "geo_template_id" : [ [ "111630", "111633", "111961", "111968", "111995", "111999" ] ],
        "geo_template_type" : [ [ "Identity", "Illumina PE Library", "Illumina PE Library Seq", "Metastatic Tumor Tissue", "gDNA" ] ],
        "geo_tissue_origin" : [ [ "Lv" ] ],
        "geo_tissue_type" : [ [ "M" ] ]
      },
      "sequencerRunName" : [ "161014_D00355_0134_BC9EVKANXX" ],
      "sequencerRunAttributes" : {
        "geo_instrument_run_id" : [ [ "2470" ] ]
      },
      "laneName" : [ "161014_D00355_0134_BC9EVKANXX_lane_1" ],
      "laneAttributes" : {
        "geo_lane" : [ [ "1" ] ]
      },
      "iusTag" : [ "ATTCCT" ],
      "iusAttributes" : { },
      "workflowName" : [ "BwaMem" ],
      "processingAlgorithm" : [ "ProvisionFiles" ],
      "processingAttributes" : { },
      "fileMetaType" : [ "application/bam" ],
      "fileAttributes" : { },
      "fileId" : -917908507
    }, {
      "studyTitle" : [ "PCSI" ],
      "studyAttributes" : {
        "geo_lab_group_id" : [ [ "33" ] ]
      },
      "experimentName" : [ ],
      "experimentAttributes" : { },
      "sampleName" : [ "PCSI_0676_Ly_R_PE_482_WG" ],
      "sampleAttributes" : {
        "geo_external_name" : [ [ "1_43125", "1_43125 COMP-0033" ] ],
        "geo_library_source_template_type" : [ [ "WG" ] ],
        "geo_organism" : [ [ "Homo sapiens" ] ],
        "geo_prep_kit" : [ [ "KAPA Hyper Prep" ] ],
        "geo_purpose" : [ [ "Library", "Stock" ] ],
        "geo_receive_date" : [ [ "2016-10-03" ] ],
        "geo_run_id_and_position_and_slot" : [ [ "2469_5_1", "2470_2_2" ] ],
        "geo_str_result" : [ [ "Not Submitted" ] ],
        "geo_template_id" : [ [ "111632", "111633", "111963", "111970", "111996", "112000" ] ],
        "geo_template_type" : [ [ "Identity", "Illumina PE Library", "Illumina PE Library Seq", "Reference Tissue", "gDNA" ] ],
        "geo_tissue_origin" : [ [ "Ly" ] ],
        "geo_tissue_type" : [ [ "R" ] ]
      },
      "sequencerRunName" : [ "161014_D00355_0133_AC6RFUANXX" ],
      "sequencerRunAttributes" : {
        "geo_instrument_run_id" : [ [ "2469" ] ]
      },
      "laneName" : [ "161014_D00355_0133_AC6RFUANXX_lane_5" ],
      "laneAttributes" : {
        "geo_lane" : [ [ "5" ] ]
      },
      "iusTag" : [ "CAACTA" ],
      "iusAttributes" : { },
      "workflowName" : [ "BwaMem" ],
      "processingAlgorithm" : [ "ProvisionFiles" ],
      "processingAttributes" : { },
      "fileMetaType" : [ "application/bam" ],
      "fileAttributes" : { },
      "fileId" : -1108750
    }, {
      "studyTitle" : [ "PCSI" ],
      "studyAttributes" : {
        "geo_lab_group_id" : [ [ "33" ] ]
      },
      "experimentName" : [ ],
      "experimentAttributes" : { },
      "sampleName" : [ "PCSI_0676_Ly_R_PE_482_WG" ],
      "sampleAttributes" : {
        "geo_external_name" : [ [ "1_43125", "1_43125 COMP-0033" ] ],
        "geo_library_source_template_type" : [ [ "WG" ] ],
        "geo_organism" : [ [ "Homo sapiens" ] ],
        "geo_prep_kit" : [ [ "KAPA Hyper Prep" ] ],
        "geo_purpose" : [ [ "Library", "Stock" ] ],
        "geo_receive_date" : [ [ "2016-10-03" ] ],
        "geo_run_id_and_position_and_slot" : [ [ "2469_5_1", "2470_2_2" ] ],
        "geo_str_result" : [ [ "Not Submitted" ] ],
        "geo_template_id" : [ [ "111632", "111633", "111963", "111970", "111996", "112000" ] ],
        "geo_template_type" : [ [ "Identity", "Illumina PE Library", "Illumina PE Library Seq", "Reference Tissue", "gDNA" ] ],
        "geo_tissue_origin" : [ [ "Ly" ] ],
        "geo_tissue_type" : [ [ "R" ] ]
      },
      "sequencerRunName" : [ "161014_D00355_0134_BC9EVKANXX" ],
      "sequencerRunAttributes" : {
        "geo_instrument_run_id" : [ [ "2470" ] ]
      },
      "laneName" : [ "161014_D00355_0134_BC9EVKANXX_lane_2" ],
      "laneAttributes" : {
        "geo_lane" : [ [ "2" ] ]
      },
      "iusTag" : [ "CAACTA" ],
      "iusAttributes" : { },
      "workflowName" : [ "BwaMem" ],
      "processingAlgorithm" : [ "ProvisionFiles" ],
      "processingAttributes" : { },
      "fileMetaType" : [ "application/bam" ],
      "fileAttributes" : { },
      "fileId" : -367660918
    } ],
    "outputFileProvenanceRecords" : 5
  } ]
}