{
  "workflowRunCount" : 1,
  "studies" : [ "JDRT" ],
  "sequencerRuns" : [ "150423_D00353_0101_AC6JH4ANXX", "150428_D00343_0085_AC5UT4ANXX", "150501_D00353_0102_AC6VTDANXX", "150715_D00355_0088_BC6UPTANXX", "150721_D00355_0089_AC6C9UANXX" ],
  "lanes" : [ "150423_D00353_0101_AC6JH4ANXX_lane_1", "150423_D00353_0101_AC6JH4ANXX_lane_2", "150428_D00343_0085_AC5UT4ANXX_lane_7", "150501_D00353_0102_AC6VTDANXX_lane_8", "150715_D00355_0088_BC6UPTANXX_lane_8", "150721_D00355_0089_AC6C9UANXX_lane_1" ],
  "samples" : [ "JDRT_0087_nn_R_PE_352_EX", "JDRT_0087_nn_T_PE_320_EX", "JDRT_0087_nn_T_PE_366_EX" ],
  "workflows" : [ "BWA", "BamFilterMergeCollapse" ],
  "processingAlgorithms" : [ "ProvisionFiles" ],
  "fileMetaTypes" : [ "application/bam" ],
  "maxInputFiles" : 5,
  "minInputFiles" : 5,
  "totalInputFiles" : 5,
  "maxOutputFileProvenanceRecords" : 6,
  "minOutputFileProvenanceRecords" : 6,
  "totalOutputFileProvenanceRecords" : 6,
  "workflowRuns" : [ {
    "workflowIni" : {
      "R_module" : "R/3.2.1-deb8",
      "Rlibs_version" : "3.2",
      "bicseq_version" : "1.1.2",
      "data_dir" : "data",
      "do_sort" : "true",
      "external_name" : "NA",
      "force_crosscheck" : "true",
      "freec_version" : "7.2",
      "group_id" : "NA",
      "group_id_description" : "NA",
      "hmmcopy_version" : "0.99.0",
      "input_files_normal" : "/oicr/data/archive/seqware/seqware_analysis_8/hsqwprod/seqware-results/BWA_1.4/97415724/SWID_1848026_JDRT_0087_nn_R_PE_352_EX_150501_D00353_0102_AC6VTDANXX_ATTGGCTC_L008_001.annotated.bam,/oicr/data/archive/seqware/seqware_analysis_8/hsqwprod/seqware-results/BWA_1.4/15416395/SWID_1841035_JDRT_0087_nn_R_PE_352_EX_150428_D00343_0085_AC5UT4ANXX_ATTGGCTC_L007_001.annotated.bam",
      "input_files_tumor" : "/oicr/data/archive/seqware/seqware_analysis_8/hsqwprod/seqware-results/BWA_1.4/25081207/SWID_1793393_JDRT_0087_nn_T_PE_366_EX_150423_D00353_0101_AC6JH4ANXX_ATCATTCC_L001_001.annotated.bam,/oicr/data/archive/seqware/seqware_analysis_8/hsqwprod/seqware-results/BWA_1.4/93719520/SWID_1793392_JDRT_0087_nn_T_PE_366_EX_150423_D00353_0101_AC6JH4ANXX_ATCATTCC_L002_001.annotated.bam,/oicr/data/archive/seqware/seqware_analysis_8/hsqwprod/seqware-results/BamFilterMergeCollapse_1.2/68673003/JDRT_0087_nn_P_EX.merged.sorted.filter.dedup.bam",
      "jre-version" : "1.8.0_45",
      "manual_output" : "false",
      "metadata" : "metadata",
      "output_dir" : "seqware-results",
      "queue" : "",
      "readcounter_window" : "1000",
      "reference_fasta" : "/.mounts/labs/PDE/data/reference/hg19_random/fasta/UCSC/hg19_random.fa",
      "reference_gc" : "/.mounts/labs/PDE/data/HMMcopy/hg19_random.gc.wig",
      "reference_len_file" : "/.mounts/labs/PDE/data/FREEC/hg19_chr.len",
      "reference_map" : "/.mounts/labs/PDE/data/HMMcopy/hg19_random.map.wig",
      "samtools_version" : "0.1.19",
      "skip_missing_files" : "true",
      "supported_chromosomes" : "chr1,chr2,chr3,chr4,chr5,chr6,chr7,chr8,chr9,chr10,chr11,chr12,chr13,chr14,chr15,chr16,chr17,chr18,chr19,chr20,chr21,chr22,chrX,chrY",
      "target_file" : "/.mounts/labs/PDE/data/TargetedSequencingQC/Agilent.SureSelect.All.Exon.V4/SureSelect_All_Exon_V4_Covered_Sorted.bed",
      "template_type" : "EX",
      "varscan_java_xmx" : "6",
      "varscan_pvalue" : "0.05",
      "varscan_version" : "2.4.3"
    },
    "files" : [ {
      "studyTitle" : [ "JDRT" ],
      "studyAttributes" : {
        "geo_lab_group_id" : [ [ "191" ] ]
      },
      "experimentName" : [ ],
      "experimentAttributes" : { },
      "sampleName" : [ "JDRT_0087_nn_R_PE_352_EX" ],
      "sampleAttributes" : {
        "geo_external_name" : [ [ "165968\t165977\t166185\t166184" ] ],
        "geo_library_source_template_type" : [ [ "EX" ] ],
        "geo_organism" : [ [ "Homo sapiens" ] ],
        "geo_prep_kit" : [ [ "Agilent SureSelect XT2" ] ],
        "geo_purpose" : [ [ "Library", "Stock" ] ],
        "geo_run_id_and_position_and_slot" : [ [ "2266_7_1", "2269_8_1" ] ],
        "geo_str_result" : [ [ "Not Submitted" ] ],
        "geo_targeted_resequencing" : [ [ "SureSelect v4" ] ],
        "geo_template_id" : [ [ "73001", "73016", "73036", "76347", "76363" ] ],
        "geo_template_type" : [ [ "Identity", "Illumina PE Library", "Illumina PE Library Seq", "gDNA" ] ],
        "geo_tissue_origin" : [ [ "nn" ] ],
        "geo_tissue_type" : [ [ "R" ] ]
      },
      "sequencerRunName" : [ "150428_D00343_0085_AC5UT4ANXX" ],
      "sequencerRunAttributes" : {
        "geo_instrument_run_id" : [ [ "2266" ] ]
      },
      "laneName" : [ "150428_D00343_0085_AC5UT4ANXX_lane_7" ],
      "laneAttributes" : {
        "geo_lane" : [ [ "7" ] ]
      },
      "iusTag" : [ "ATTGGCTC" ],
      "iusAttributes" : { },
      "workflowName" : [ "BWA" ],
      "processingAlgorithm" : [ "ProvisionFiles" ],
      "processingAttributes" : { },
      "fileMetaType" : [ "application/bam" ],
      "fileAttributes" : { },
      "fileId" : -622296748
    }, {
      "studyTitle" : [ "JDRT" ],
      "studyAttributes" : {
        "geo_lab_group_id" : [ [ "191" ] ]
      },
      "experimentName" : [ ],
      "experimentAttributes" : { },
      "sampleName" : [ "JDRT_0087_nn_R_PE_352_EX" ],
      "sampleAttributes" : {
        "geo_external_name" : [ [ "165968\t165977\t166185\t166184" ] ],
        "geo_library_source_template_type" : [ [ "EX" ] ],
        "geo_organism" : [ [ "Homo sapiens" ] ],
        "geo_prep_kit" : [ [ "Agilent SureSelect XT2" ] ],
        "geo_purpose" : [ [ "Library", "Stock" ] ],
        "geo_run_id_and_position_and_slot" : [ [ "2266_7_1", "2269_8_1" ] ],
        "geo_str_result" : [ [ "Not Submitted" ] ],
        "geo_targeted_resequencing" : [ [ "SureSelect v4" ] ],
        "geo_template_id" : [ [ "73001", "73016", "73036", "76347", "76363" ] ],
        "geo_template_type" : [ [ "Identity", "Illumina PE Library", "Illumina PE Library Seq", "gDNA" ] ],
        "geo_tissue_origin" : [ [ "nn" ] ],
        "geo_tissue_type" : [ [ "R" ] ]
      },
      "sequencerRunName" : [ "150501_D00353_0102_AC6VTDANXX" ],
      "sequencerRunAttributes" : {
        "geo_instrument_run_id" : [ [ "2269" ] ]
      },
      "laneName" : [ "150501_D00353_0102_AC6VTDANXX_lane_8" ],
      "laneAttributes" : {
        "geo_lane" : [ [ "8" ] ]
      },
      "iusTag" : [ "ATTGGCTC" ],
      "iusAttributes" : { },
      "workflowName" : [ "BWA" ],
      "processingAlgorithm" : [ "ProvisionFiles" ],
      "processingAttributes" : { },
      "fileMetaType" : [ "application/bam" ],
      "fileAttributes" : { },
      "fileId" : 1757677516
    }, {
      "studyTitle" : [ "JDRT" ],
      "studyAttributes" : {
        "geo_lab_group_id" : [ [ "191" ] ]
      },
      "experimentName" : [ ],
      "experimentAttributes" : { },
      "sampleName" : [ "JDRT_0087_nn_T_PE_320_EX", "JDRT_0087_nn_T_PE_366_EX" ],
      "sampleAttributes" : {
        "geo_external_name" : [ [ "165968\t165977\t166185\t166184" ] ],
        "geo_library_source_template_type" : [ [ "EX" ] ],
        "geo_organism" : [ [ "Homo sapiens" ] ],
        "geo_prep_kit" : [ [ "Agilent SureSelect XT2" ] ],
        "geo_purpose" : [ [ "Library", "Stock" ] ],
        "geo_run_id_and_position_and_slot" : [ [ "2264_1_1", "2264_2_1" ], [ "2293_8_2", "2296_1_1" ] ],
        "geo_str_result" : [ [ "Not Submitted" ] ],
        "geo_targeted_resequencing" : [ [ "SureSelect v4" ] ],
        "geo_template_id" : [ [ "73001", "73017", "73037", "76068", "76092" ], [ "73001", "73017", "77495", "79023", "79039" ] ],
        "geo_template_type" : [ [ "Identity", "Illumina PE Library", "Illumina PE Library Seq", "gDNA" ] ],
        "geo_tissue_origin" : [ [ "nn" ] ],
        "geo_tissue_type" : [ [ "P" ] ]
      },
      "sequencerRunName" : [ "150423_D00353_0101_AC6JH4ANXX", "150715_D00355_0088_BC6UPTANXX", "150721_D00355_0089_AC6C9UANXX" ],
      "sequencerRunAttributes" : {
        "geo_instrument_run_id" : [ [ "2264" ], [ "2293" ], [ "2296" ] ]
      },
      "laneName" : [ "150423_D00353_0101_AC6JH4ANXX_lane_1", "150423_D00353_0101_AC6JH4ANXX_lane_2", "150715_D00355_0088_BC6UPTANXX_lane_8", "150721_D00355_0089_AC6C9UANXX_lane_1" ],
      "laneAttributes" : {
        "geo_lane" : [ [ "1" ], [ "2" ], [ "8" ] ]
      },
      "iusTag" : [ "ATCATTCC", "CGAACTTA" ],
      "iusAttributes" : { },
      "workflowName" : [ "BamFilterMergeCollapse" ],
      "processingAlgorithm" : [ "ProvisionFiles" ],
      "processingAttributes" : { },
      "fileMetaType" : [ "application/bam" ],
      "fileAttributes" : { },
      "fileId" : 288672859
    }, {
      "studyTitle" : [ "JDRT" ],
      "studyAttributes" : {
        "geo_lab_group_id" : [ [ "191" ] ]
      },
      "experimentName" : [ ],
      "experimentAttributes" : { },
      "sampleName" : [ "JDRT_0087_nn_T_PE_366_EX" ],
      "sampleAttributes" : {
        "geo_external_name" : [ [ "165968\t165977\t166185\t166184" ] ],
        "geo_library_source_template_type" : [ [ "EX" ] ],
        "geo_organism" : [ [ "Homo sapiens" ] ],
        "geo_prep_kit" : [ [ "Agilent SureSelect XT2" ] ],
        "geo_purpose" : [ [ "Library", "Stock" ] ],
        "geo_run_id_and_position_and_slot" : [ [ "2264_1_1", "2264_2_1" ] ],
        "geo_str_result" : [ [ "Not Submitted" ] ],
        "geo_targeted_resequencing" : [ [ "SureSelect v4" ] ],
        "geo_template_id" : [ [ "73001", "73017", "73037", "76068", "76092" ] ],
        "geo_template_type" : [ [ "Identity", "Illumina PE Library", "Illumina PE Library Seq", "gDNA" ] ],
        "geo_tissue_origin" : [ [ "nn" ] ],
        "geo_tissue_type" : [ [ "P" ] ]
      },
      "sequencerRunName" : [ "150423_D00353_0101_AC6JH4ANXX" ],
      "sequencerRunAttributes" : {
        "geo_instrument_run_id" : [ [ "2264" ] ]
      },
      "laneName" : [ "150423_D00353_0101_AC6JH4ANXX_lane_1" ],
      "laneAttributes" : {
        "geo_lane" : [ [ "1" ] ]
      },
      "iusTag" : [ "ATCATTCC" ],
      "iusAttributes" : { },
      "workflowName" : [ "BWA" ],
      "processingAlgorithm" : [ "ProvisionFiles" ],
      "processingAttributes" : { },
      "fileMetaType" : [ "application/bam" ],
      "fileAttributes" : { },
      "fileId" : -1703422266
    }, {
      "studyTitle" : [ "JDRT" ],
      "studyAttributes" : {
        "geo_lab_group_id" : [ [ "191" ] ]
      },
      "experimentName" : [ ],
      "experimentAttributes" : { },
      "sampleName" : [ "JDRT_0087_nn_T_PE_366_EX" ],
      "sampleAttributes" : {
        "geo_external_name" : [ [ "165968\t165977\t166185\t166184" ] ],
        "geo_library_source_template_type" : [ [ "EX" ] ],
        "geo_organism" : [ [ "Homo sapiens" ] ],
        "geo_prep_kit" : [ [ "Agilent SureSelect XT2" ] ],
        "geo_purpose" : [ [ "Library", "Stock" ] ],
        "geo_run_id_and_position_and_slot" : [ [ "2264_1_1", "2264_2_1" ] ],
        "geo_str_result" : [ [ "Not Submitted" ] ],
        "geo_targeted_resequencing" : [ [ "SureSelect v4" ] ],
        "geo_template_id" : [ [ "73001", "73017", "73037", "76068", "76092" ] ],
        "geo_template_type" : [ [ "Identity", "Illumina PE Library", "Illumina PE Library Seq", "gDNA" ] ],
        "geo_tissue_origin" : [ [ "nn" ] ],
        "geo_tissue_type" : [ [ "P" ] ]
      },
      "sequencerRunName" : [ "150423_D00353_0101_AC6JH4ANXX" ],
      "sequencerRunAttributes" : {
        "geo_instrument_run_id" : [ [ "2264" ] ]
      },
      "laneName" : [ "150423_D00353_0101_AC6JH4ANXX_lane_2" ],
      "laneAttributes" : {
        "geo_lane" : [ [ "2" ] ]
      },
      "iusTag" : [ "ATCATTCC" ],
      "iusAttributes" : { },
      "workflowName" : [ "BWA" ],
      "processingAlgorithm" : [ "ProvisionFiles" ],
      "processingAttributes" : { },
      "fileMetaType" : [ "application/bam" ],
      "fileAttributes" : { },
      "fileId" : 99545603
    } ],
    "outputFileProvenanceRecords" : 6
  } ]
}