{
  "workflowRunCount" : 1,
  "studies" : [ "HALT" ],
  "sequencerRuns" : [ "130626_SN7001179_0132_AC2A1UACXX", "140109_SN804_0171_AC3KVTACXX", "140417_SN7001205_0212_BC4CAWACXX" ],
  "lanes" : [ "130626_SN7001179_0132_AC2A1UACXX_lane_6", "140109_SN804_0171_AC3KVTACXX_lane_8", "140417_SN7001205_0212_BC4CAWACXX_lane_2" ],
  "samples" : [ "HALT_0032_Bm_P_PE_396_TS", "HALT_0032_Ly_R_PE_455_TS", "HALT_0032_Pb_P_PE_418_TS" ],
  "workflows" : [ "GenomicAlignmentNovoalign", "GenomicAlignmentNovoalign_V2.07.15b" ],
  "processingAlgorithms" : [ "PicardAddReadGroups", "ProvisionFiles" ],
  "fileMetaTypes" : [ "application/bam" ],
  "maxInputFiles" : 4,
  "minInputFiles" : 4,
  "totalInputFiles" : 4,
  "maxOutputFileProvenanceRecords" : 4,
  "minOutputFileProvenanceRecords" : 4,
  "totalOutputFileProvenanceRecords" : 4,
  "workflowRuns" : [ {
    "workflowIni" : {
      "R_module" : "R/3.2.1-deb8",
      "Rlibs_version" : "3.2",
      "bicseq_version" : "1.1.2",
      "data_dir" : "data",
      "do_sort" : "true",
      "external_name" : "NA,NA,NA",
      "force_crosscheck" : "true",
      "freec_version" : "7.2",
      "group_id" : "33000008,31000341&CIRM31000341,33000008",
      "group_id_description" : "NA,NA,NA",
      "hmmcopy_version" : "0.99.0",
      "input_files_normal" : "/oicr/data/archive/seqware/seqware_analysis_7/sqwprod/results/seqware-0.13.5_GenomicAlignmentNovoalign-0.10.4/63570923/SWID_569156_HALT_0032_Ly_R_PE_455_TS_130626_SN7001179_0132_AC2A1UACXX_ACACAGAA_L006_R1_001.fastq.gz.annotated.bam",
      "input_files_tumor" : "/oicr/data/archive/seqware/seqware_analysis_8/hsqwprod/results/GenomicAlignmentNovoalign_V2.07.15b_2.2.1/91609659/SWID_1792242_HALT_0032_Bm_P_PE_396_TS_33000008_140109_SN804_0171_AC3KVTACXX_GGAGAACA_L008_R1_001.annotated.bam,/oicr/data/archive/seqware/seqware_analysis_7/sqwprod/results/seqware-0.13.5_GenomicAlignmentNovoalign-0.10.4/62334360/SWID_569157_HALT_0032_Pb_P_PE_418_TS_130626_SN7001179_0132_AC2A1UACXX_AAGGTACA_L006_R1_001.fastq.gz.annotated.bam,/oicr/data/archive/seqware/seqware_analysis_8/sqwprod/results/seqware-0.13.5_GenomicAlignmentNovoalign-0.10.4/92633564/SWID_881973_HALT_0032_Bm_P_PE_396_TS_140417_SN7001205_0212_BC4CAWACXX_GGAGAACA_L002_R1_001.fastq.gz.annotated.bam",
      "jre-version" : "1.8.0_45",
      "manual_output" : "false",
      "metadata" : "metadata",
      "output_dir" : "seqware-results",
      "queue" : "",
      "readcounter_window" : "1000",
      "reference_fasta" : "/.mounts/labs/PDE/data/reference/hg19_random/fasta/UCSC/hg19_random.fa",
      "reference_gc" : "/.mounts/labs/PDE/data/HMMcopy/hg19_random.gc.wig",
      "reference_len_file" : "/.mounts/labs/PDE/data/FREEC/hg19_chr.len",
      "reference_map" : "/.mounts/labs/PDE/data/HMMcopy/hg19_random.map.wig",
      "samtools_version" : "0.1.19",
      "skip_missing_files" : "true",
      "supported_chromosomes" : "chr1,chr2,chr3,chr4,chr5,chr6,chr7,chr8,chr9,chr10,chr11,chr12,chr13,chr14,chr15,chr16,chr17,chr18,chr19,chr20,chr21,chr22,chrX,chrY",
      "target_file" : "/.mounts/labs/PDE/data/TargetedSequencingQC/HALT/halt_coding_exons_sorted_nov2013.bed",
      "template_type" : "TS",
      "varscan_java_xmx" : "6",
      "varscan_pvalue" : "0.05",
      "varscan_version" : "2.4.3"
    },
    "files" : [ {
      "studyTitle" : [ "HALT" ],
      "studyAttributes" : {
        "geo_lab_group_id" : [ [ "154" ] ]
      },
      "experimentName" : [ ],
      "experimentAttributes" : { },
      "sampleName" : [ "HALT_0032_Bm_P_PE_396_TS" ],
      "sampleAttributes" : {
        "geo_external_name" : [ [ "CIRM31000340, CIRM31000341, CIRM33000008" ] ],
        "geo_group_id" : [ [ "33000008" ] ],
        "geo_library_source_template_type" : [ [ "TS" ] ],
        "geo_organism" : [ [ "Homo sapiens" ] ],
        "geo_purpose" : [ [ "Library", "Stock" ] ],
        "geo_receive_date" : [ [ "2012-12-18" ] ],
        "geo_run_id_and_position_and_slot" : [ [ "1709_8_1", "1821_8_1", "1861_2_2", "2263_8_1" ] ],
        "geo_str_result" : [ [ "Pass", "Submitted" ] ],
        "geo_targeted_resequencing" : [ [ "HALT Agilent  0488571" ] ],
        "geo_template_id" : [ [ "31132", "31138", "50954", "52103", "52144" ] ],
        "geo_template_type" : [ [ "Identity", "Illumina PE Library", "Illumina PE Library Seq", "gDNA", "gDNA_wga" ] ],
        "geo_tissue_origin" : [ [ "Bm" ] ],
        "geo_tissue_type" : [ [ "P" ] ]
      },
      "sequencerRunName" : [ "140109_SN804_0171_AC3KVTACXX" ],
      "sequencerRunAttributes" : {
        "geo_instrument_run_id" : [ [ "2263" ] ]
      },
      "laneName" : [ "140109_SN804_0171_AC3KVTACXX_lane_8" ],
      "laneAttributes" : {
        "geo_lane" : [ [ "8" ] ]
      },
      "iusTag" : [ "GGAGAACA" ],
      "iusAttributes" : { },
      "workflowName" : [ "GenomicAlignmentNovoalign_V2.07.15b" ],
      "processingAlgorithm" : [ "ProvisionFiles" ],
      "processingAttributes" : { },
      "fileMetaType" : [ "application/bam" ],
      "fileAttributes" : { },
      "fileId" : -1394485135
    }, {
      "studyTitle" : [ "HALT" ],
      "studyAttributes" : {
        "geo_lab_group_id" : [ [ "154" ] ]
      },
      "experimentName" : [ ],
      "experimentAttributes" : { },
      "sampleName" : [ "HALT_0032_Bm_P_PE_396_TS" ],
      "sampleAttributes" : {
        "geo_external_name" : [ [ "CIRM31000340, CIRM31000341, CIRM33000008" ] ],
        "geo_group_id" : [ [ "33000008" ] ],
        "geo_library_source_template_type" : [ [ "TS" ] ],
        "geo_organism" : [ [ "Homo sapiens" ] ],
        "geo_purpose" : [ [ "Library", "Stock" ] ],
        "geo_receive_date" : [ [ "2012-12-18" ] ],
        "geo_run_id_and_position_and_slot" : [ [ "1709_8_1", "1821_8_1", "1861_2_2", "2263_8_1" ] ],
        "geo_str_result" : [ [ "Pass", "Submitted" ] ],
        "geo_targeted_resequencing" : [ [ "HALT Agilent  0488571" ] ],
        "geo_template_id" : [ [ "31132", "31138", "50954", "52103", "52144" ] ],
        "geo_template_type" : [ [ "Identity", "Illumina PE Library", "Illumina PE Library Seq", "gDNA", "gDNA_wga" ] ],
        "geo_tissue_origin" : [ [ "Bm" ] ],
        "geo_tissue_type" : [ [ "P" ] ]
      },
      "sequencerRunName" : [ "140417_SN7001205_0212_BC4CAWACXX" ],
      "sequencerRunAttributes" : {
        "geo_instrument_run_id" : [ [ "1861" ] ]
      },
      "laneName" : [ "140417_SN7001205_0212_BC4CAWACXX_lane_2" ],
      "laneAttributes" : {
        "geo_lane" : [ [ "2" ] ]
      },
      "iusTag" : [ "GGAGAACA" ],
      "iusAttributes" : { },
      "workflowName" : [ "GenomicAlignmentNovoalign" ],
      "processingAlgorithm" : [ "PicardAddReadGroups" ],
      "processingAttributes" : { },
      "fileMetaType" : [ "application/bam" ],
      "fileAttributes" : { },
      "fileId" : -1612894200
    }, {
      "studyTitle" : [ "HALT" ],
      "studyAttributes" : {
        "geo_lab_group_id" : [ [ "154" ] ]
      },
      "experimentName" : [ ],
      "experimentAttributes" : { },
      "sampleName" : [ "HALT_0032_Ly_R_PE_455_TS" ],
      "sampleAttributes" : {
        "geo_external_name" : [ [ "CIRM31000340, CIRM31000341, CIRM33000008" ] ],
        "geo_group_id" : [ [ "31000340", "CIRM31000340" ] ],
        "geo_library_source_template_type" : [ [ "TS" ] ],
        "geo_organism" : [ [ "Homo sapiens" ] ],
        "geo_purpose" : [ [ "Library", "Stock" ] ],
        "geo_receive_date" : [ [ "2012-10-18" ] ],
        "geo_run_id_and_position_and_slot" : [ [ "1469_6_1", "1484_6_1" ] ],
        "geo_str_result" : [ [ "Not Submitted", "Pass" ] ],
        "geo_targeted_resequencing" : [ [ "HALT Agilent  0488571" ] ],
        "geo_template_id" : [ [ "31132", "31140", "33685", "37565", "37679" ] ],
        "geo_template_type" : [ [ "Identity", "Illumina PE Library", "Illumina PE Library Seq", "gDNA", "gDNA_wga" ] ],
        "geo_tissue_origin" : [ [ "Ly" ] ],
        "geo_tissue_type" : [ [ "R" ] ]
      },
      "sequencerRunName" : [ "130626_SN7001179_0132_AC2A1UACXX" ],
      "sequencerRunAttributes" : {
        "geo_instrument_run_id" : [ [ "1484" ] ]
      },
      "laneName" : [ "130626_SN7001179_0132_AC2A1UACXX_lane_6" ],
      "laneAttributes" : {
        "geo_lane" : [ [ "6" ] ]
      },
      "iusTag" : [ "ACACAGAA" ],
      "iusAttributes" : { },
      "workflowName" : [ "GenomicAlignmentNovoalign" ],
      "processingAlgorithm" : [ "PicardAddReadGroups" ],
      "processingAttributes" : { },
      "fileMetaType" : [ "application/bam" ],
      "fileAttributes" : { },
      "fileId" : -716762627
    }, {
      "studyTitle" : [ "HALT" ],
      "studyAttributes" : {
        "geo_lab_group_id" : [ [ "154" ] ]
      },
      "experimentName" : [ ],
      "experimentAttributes" : { },
      "sampleName" : [ "HALT_0032_Pb_P_PE_418_TS" ],
      "sampleAttributes" : {
        "geo_external_name" : [ [ "CIRM31000340, CIRM31000341, CIRM33000008" ] ],
        "geo_group_id" : [ [ "31000341", "CIRM31000341" ] ],
        "geo_library_source_template_type" : [ [ "TS" ] ],
        "geo_organism" : [ [ "Homo sapiens" ] ],
        "geo_purpose" : [ [ "Library", "Stock" ] ],
        "geo_receive_date" : [ [ "2012-10-18" ] ],
        "geo_run_id_and_position_and_slot" : [ [ "1469_6_1", "1484_6_1" ] ],
        "geo_str_result" : [ [ "Pass", "Submitted" ] ],
        "geo_targeted_resequencing" : [ [ "HALT Agilent  0488571" ] ],
        "geo_template_id" : [ [ "31132", "31139", "33684", "37564", "37678" ] ],
        "geo_template_type" : [ [ "Identity", "Illumina PE Library", "Illumina PE Library Seq", "gDNA", "gDNA_wga" ] ],
        "geo_tissue_origin" : [ [ "Pb", "nn" ] ],
        "geo_tissue_type" : [ [ "P" ] ]
      },
      "sequencerRunName" : [ "130626_SN7001179_0132_AC2A1UACXX" ],
      "sequencerRunAttributes" : {
        "geo_instrument_run_id" : [ [ "1484" ] ]
      },
      "laneName" : [ "130626_SN7001179_0132_AC2A1UACXX_lane_6" ],
      "laneAttributes" : {
        "geo_lane" : [ [ "6" ] ]
      },
      "iusTag" : [ "AAGGTACA" ],
      "iusAttributes" : { },
      "workflowName" : [ "GenomicAlignmentNovoalign" ],
      "processingAlgorithm" : [ "PicardAddReadGroups" ],
      "processingAttributes" : { },
      "fileMetaType" : [ "application/bam" ],
      "fileAttributes" : { },
      "fileId" : 1855117
    } ],
    "outputFileProvenanceRecords" : 4
  } ]
}