{
  "workflowRunCount" : 1,
  "studies" : [ "ABvsInvitrogenReagentComp" ],
  "sequencerRuns" : [ "111027_SN203_0127_BC08J8ACXX", "111110_h1080_0084_AC08UPACXX" ],
  "lanes" : [ "111027_SN203_0127_BC08J8ACXX_lane_7", "111027_SN203_0127_BC08J8ACXX_lane_8", "111110_h1080_0084_AC08UPACXX_lane_5", "111110_h1080_0084_AC08UPACXX_lane_6" ],
  "samples" : [ "PCSI_0100_Ly_R_PE_446_EX", "PCSI_0112_Ly_R_PE_446_EX", "PCSI_0115_Ly_R_PE_449_EX", "PCSI_0116_Sp_R_PE_444_EX", "PCSI_0117_St_R_PE_434_EX", "PCSI_0118_Sp_R_PE_432_EX", "PCSI_0119_Sp_R_PE_428_EX", "PCSI_0120_St_R_PE_420_EX" ],
  "workflows" : [ "FingerprintCollector" ],
  "processingAlgorithms" : [ "ProvisionFiles" ],
  "fileMetaTypes" : [ "application/vcf-4-gzip" ],
  "maxInputFiles" : 8,
  "minInputFiles" : 8,
  "totalInputFiles" : 8,
  "maxOutputFileProvenanceRecords" : 8,
  "minOutputFileProvenanceRecords" : 8,
  "totalOutputFileProvenanceRecords" : 8,
  "workflowRuns" : [ {
    "workflowIni" : {
      "allow_singletons" : "false",
      "check_points" : "400",
      "checked_snps" : "/.mounts/labs/PDE/data/SampleFingerprinting/snps/dbsnp137.hg19.402.overlap.vcf.gz",
      "data_dir" : "data",
      "existing_matrix" : "",
      "genome_file" : "/.mounts/labs/PDE/data/SampleFingerprinting/fasta/hg19.fa",
      "manual_output" : "false",
      "memory_job_alert" : "4000",
      "memory_job_copy" : "4000",
      "memory_job_jaccard" : "16000",
      "memory_job_jchunk" : "4000",
      "memory_job_link_maker" : "4000",
      "memory_job_list_writer" : "4000",
      "memory_job_list_writer2" : "4000",
      "memory_make_pics" : "8000",
      "memory_prox_table" : "8000",
      "memory_zip_fins" : "4000",
      "memory_zip_report" : "4000",
      "metadata" : "metadata",
      "mixed_coverage" : "false",
      "output_dir" : "seqware-results",
      "queue" : "",
      "samtools_version" : "0.1.19",
      "study_name" : "ABvsInvitrogenReagentComp",
      "tabix_version" : "0.2.6",
      "vcftools_version" : "0.1.10",
      "watchers_list" : "pruzanov@oicr.on.ca"
    },
    "files" : [ {
      "studyTitle" : [ "ABvsInvitrogenReagentComp" ],
      "studyAttributes" : {
        "geo_lab_group_id" : [ [ "53" ] ]
      },
      "experimentName" : [ ],
      "experimentAttributes" : { },
      "sampleName" : [ "PCSI_0100_Ly_R_PE_446_EX" ],
      "sampleAttributes" : {
        "geo_external_name" : [ [ "2011-04-19", "2537-1" ] ],
        "geo_library_source_template_type" : [ [ "EX" ] ],
        "geo_organism" : [ [ "Homo sapiens" ] ],
        "geo_prep_kit" : [ [ "GA_multiplex" ] ],
        "geo_reaction_id" : [ [ "5388" ] ],
        "geo_run_id_and_position_and_slot" : [ [ "852_7_1" ] ],
        "geo_targeted_resequencing" : [ [ "Agilent SureSelect ICGC/Sanger Exon" ] ],
        "geo_template_id" : [ [ "13147", "13158", "13594", "14419", "14420" ] ],
        "geo_template_type" : [ [ "Identity", "Illumina PE Library", "Illumina PE Library Seq", "gDNA" ] ],
        "geo_tissue_origin" : [ [ "Ly" ] ],
        "geo_tissue_type" : [ [ "R" ] ]
      },
      "sequencerRunName" : [ "111027_SN203_0127_BC08J8ACXX" ],
      "sequencerRunAttributes" : {
        "geo_instrument_run_id" : [ [ "852" ] ]
      },
      "laneName" : [ "111027_SN203_0127_BC08J8ACXX_lane_7" ],
      "laneAttributes" : {
        "geo_lane" : [ [ "7" ] ]
      },
      "iusTag" : [ "ATCACG" ],
      "iusAttributes" : { },
      "workflowName" : [ "FingerprintCollector" ],
      "processingAlgorithm" : [ "ProvisionFiles" ],
      "processingAttributes" : { },
      "fileMetaType" : [ "application/vcf-4-gzip" ],
      "fileAttributes" : { },
      "fileId" : -644279185
    }, {
      "studyTitle" : [ "ABvsInvitrogenReagentComp" ],
      "studyAttributes" : {
        "geo_lab_group_id" : [ [ "53" ] ]
      },
      "experimentName" : [ ],
      "experimentAttributes" : { },
      "sampleName" : [ "PCSI_0112_Ly_R_PE_446_EX" ],
      "sampleAttributes" : {
        "geo_external_name" : [ [ "932-1" ] ],
        "geo_library_source_template_type" : [ [ "EX" ] ],
        "geo_organism" : [ [ "Homo sapiens" ] ],
        "geo_prep_kit" : [ [ "GA_multiplex" ] ],
        "geo_reaction_id" : [ [ "5389" ] ],
        "geo_run_id_and_position_and_slot" : [ [ "852_7_1" ] ],
        "geo_targeted_resequencing" : [ [ "Agilent SureSelect ICGC/Sanger Exon" ] ],
        "geo_template_id" : [ [ "13117", "13160", "13595", "14421", "14422" ] ],
        "geo_template_type" : [ [ "Identity", "Illumina PE Library", "Illumina PE Library Seq", "gDNA" ] ],
        "geo_tissue_origin" : [ [ "Ly" ] ],
        "geo_tissue_type" : [ [ "R" ] ]
      },
      "sequencerRunName" : [ "111027_SN203_0127_BC08J8ACXX" ],
      "sequencerRunAttributes" : {
        "geo_instrument_run_id" : [ [ "852" ] ]
      },
      "laneName" : [ "111027_SN203_0127_BC08J8ACXX_lane_7" ],
      "laneAttributes" : {
        "geo_lane" : [ [ "7" ] ]
      },
      "iusTag" : [ "CGATGT" ],
      "iusAttributes" : { },
      "workflowName" : [ "FingerprintCollector" ],
      "processingAlgorithm" : [ "ProvisionFiles" ],
      "processingAttributes" : { },
      "fileMetaType" : [ "application/vcf-4-gzip" ],
      "fileAttributes" : { },
      "fileId" : -707794550
    }, {
      "studyTitle" : [ "ABvsInvitrogenReagentComp" ],
      "studyAttributes" : {
        "geo_lab_group_id" : [ [ "53" ] ]
      },
      "experimentName" : [ ],
      "experimentAttributes" : { },
      "sampleName" : [ "PCSI_0115_Ly_R_PE_449_EX" ],
      "sampleAttributes" : {
        "geo_external_name" : [ [ "1196-1" ] ],
        "geo_library_source_template_type" : [ [ "EX" ] ],
        "geo_organism" : [ [ "Homo sapiens" ] ],
        "geo_prep_kit" : [ [ "GA_multiplex" ] ],
        "geo_reaction_id" : [ [ "5390" ] ],
        "geo_run_id_and_position_and_slot" : [ [ "852_7_1" ] ],
        "geo_targeted_resequencing" : [ [ "Agilent SureSelect ICGC/Sanger Exon" ] ],
        "geo_template_id" : [ [ "13120", "13165", "13593", "14423", "14424" ] ],
        "geo_template_type" : [ [ "Identity", "Illumina PE Library", "Illumina PE Library Seq", "gDNA" ] ],
        "geo_tissue_origin" : [ [ "Ly" ] ],
        "geo_tissue_type" : [ [ "R" ] ]
      },
      "sequencerRunName" : [ "111027_SN203_0127_BC08J8ACXX" ],
      "sequencerRunAttributes" : {
        "geo_instrument_run_id" : [ [ "852" ] ]
      },
      "laneName" : [ "111027_SN203_0127_BC08J8ACXX_lane_7" ],
      "laneAttributes" : {
        "geo_lane" : [ [ "7" ] ]
      },
      "iusTag" : [ "TTAGGC" ],
      "iusAttributes" : { },
      "workflowName" : [ "FingerprintCollector" ],
      "processingAlgorithm" : [ "ProvisionFiles" ],
      "processingAttributes" : { },
      "fileMetaType" : [ "application/vcf-4-gzip" ],
      "fileAttributes" : { },
      "fileId" : -361551691
    }, {
      "studyTitle" : [ "ABvsInvitrogenReagentComp" ],
      "studyAttributes" : {
        "geo_lab_group_id" : [ [ "53" ] ]
      },
      "experimentName" : [ ],
      "experimentAttributes" : { },
      "sampleName" : [ "PCSI_0116_Sp_R_PE_444_EX" ],
      "sampleAttributes" : {
        "geo_external_name" : [ [ "1452" ] ],
        "geo_library_source_template_type" : [ [ "EX" ] ],
        "geo_organism" : [ [ "Homo sapiens" ] ],
        "geo_prep_kit" : [ [ "GA_multiplex" ] ],
        "geo_reaction_id" : [ [ "5391" ] ],
        "geo_run_id_and_position_and_slot" : [ [ "852_8_1" ] ],
        "geo_targeted_resequencing" : [ [ "Agilent SureSelect ICGC/Sanger Exon" ] ],
        "geo_template_id" : [ [ "13121", "13167", "13596", "14425", "14426" ] ],
        "geo_template_type" : [ [ "Identity", "Illumina PE Library", "Illumina PE Library Seq", "gDNA" ] ],
        "geo_tissue_origin" : [ [ "Sp" ] ],
        "geo_tissue_type" : [ [ "R" ] ]
      },
      "sequencerRunName" : [ "111027_SN203_0127_BC08J8ACXX" ],
      "sequencerRunAttributes" : {
        "geo_instrument_run_id" : [ [ "852" ] ]
      },
      "laneName" : [ "111027_SN203_0127_BC08J8ACXX_lane_8" ],
      "laneAttributes" : {
        "geo_lane" : [ [ "8" ] ]
      },
      "iusTag" : [ "TGACCA" ],
      "iusAttributes" : { },
      "workflowName" : [ "FingerprintCollector" ],
      "processingAlgorithm" : [ "ProvisionFiles" ],
      "processingAttributes" : { },
      "fileMetaType" : [ "application/vcf-4-gzip" ],
      "fileAttributes" : { },
      "fileId" : -469723414
    }, {
      "studyTitle" : [ "ABvsInvitrogenReagentComp" ],
      "studyAttributes" : {
        "geo_lab_group_id" : [ [ "53" ] ]
      },
      "experimentName" : [ ],
      "experimentAttributes" : { },
      "sampleName" : [ "PCSI_0117_St_R_PE_434_EX" ],
      "sampleAttributes" : {
        "geo_external_name" : [ [ "1454" ] ],
        "geo_library_source_template_type" : [ [ "EX" ] ],
        "geo_organism" : [ [ "Homo sapiens" ] ],
        "geo_prep_kit" : [ [ "GA_multiplex" ] ],
        "geo_reaction_id" : [ [ "5392" ] ],
        "geo_run_id_and_position_and_slot" : [ [ "852_8_1" ] ],
        "geo_targeted_resequencing" : [ [ "Agilent SureSelect ICGC/Sanger Exon" ] ],
        "geo_template_id" : [ [ "13122", "13169", "13597", "14427", "14428" ] ],
        "geo_template_type" : [ [ "Identity", "Illumina PE Library", "Illumina PE Library Seq", "gDNA" ] ],
        "geo_tissue_origin" : [ [ "St" ] ],
        "geo_tissue_type" : [ [ "R" ] ]
      },
      "sequencerRunName" : [ "111027_SN203_0127_BC08J8ACXX" ],
      "sequencerRunAttributes" : {
        "geo_instrument_run_id" : [ [ "852" ] ]
      },
      "laneName" : [ "111027_SN203_0127_BC08J8ACXX_lane_8" ],
      "laneAttributes" : {
        "geo_lane" : [ [ "8" ] ]
      },
      "iusTag" : [ "ACAGTG" ],
      "iusAttributes" : { },
      "workflowName" : [ "FingerprintCollector" ],
      "processingAlgorithm" : [ "ProvisionFiles" ],
      "processingAttributes" : { },
      "fileMetaType" : [ "application/vcf-4-gzip" ],
      "fileAttributes" : { },
      "fileId" : 288821238
    }, {
      "studyTitle" : [ "ABvsInvitrogenReagentComp" ],
      "studyAttributes" : {
        "geo_lab_group_id" : [ [ "53" ] ]
      },
      "experimentName" : [ ],
      "experimentAttributes" : { },
      "sampleName" : [ "PCSI_0118_Sp_R_PE_432_EX" ],
      "sampleAttributes" : {
        "geo_external_name" : [ [ "1458" ] ],
        "geo_library_source_template_type" : [ [ "EX" ] ],
        "geo_organism" : [ [ "Homo sapiens" ] ],
        "geo_prep_kit" : [ [ "GA_multiplex" ] ],
        "geo_reaction_id" : [ [ "5393" ] ],
        "geo_run_id_and_position_and_slot" : [ [ "852_8_1" ] ],
        "geo_targeted_resequencing" : [ [ "Agilent SureSelect ICGC/Sanger Exon" ] ],
        "geo_template_id" : [ [ "13123", "13171", "13598", "14429", "14430" ] ],
        "geo_template_type" : [ [ "Identity", "Illumina PE Library", "Illumina PE Library Seq", "gDNA" ] ],
        "geo_tissue_origin" : [ [ "Sp" ] ],
        "geo_tissue_type" : [ [ "R" ] ]
      },
      "sequencerRunName" : [ "111027_SN203_0127_BC08J8ACXX" ],
      "sequencerRunAttributes" : {
        "geo_instrument_run_id" : [ [ "852" ] ]
      },
      "laneName" : [ "111027_SN203_0127_BC08J8ACXX_lane_8" ],
      "laneAttributes" : {
        "geo_lane" : [ [ "8" ] ]
      },
      "iusTag" : [ "GCCAAT" ],
      "iusAttributes" : { },
      "workflowName" : [ "FingerprintCollector" ],
      "processingAlgorithm" : [ "ProvisionFiles" ],
      "processingAttributes" : { },
      "fileMetaType" : [ "application/vcf-4-gzip" ],
      "fileAttributes" : { },
      "fileId" : 519845759
    }, {
      "studyTitle" : [ "ABvsInvitrogenReagentComp" ],
      "studyAttributes" : {
        "geo_lab_group_id" : [ [ "53" ] ]
      },
      "experimentName" : [ ],
      "experimentAttributes" : { },
      "sampleName" : [ "PCSI_0119_Sp_R_PE_428_EX" ],
      "sampleAttributes" : {
        "geo_external_name" : [ [ "1464" ] ],
        "geo_library_source_template_type" : [ [ "EX" ] ],
        "geo_organism" : [ [ "Homo sapiens" ] ],
        "geo_prep_kit" : [ [ "GA_multiplex" ] ],
        "geo_reaction_id" : [ [ "5394" ] ],
        "geo_run_id_and_position_and_slot" : [ [ "860_5_1" ] ],
        "geo_targeted_resequencing" : [ [ "Agilent SureSelect ICGC/Sanger Exon" ] ],
        "geo_template_id" : [ [ "13124", "13173", "13599", "14431", "14432" ] ],
        "geo_template_type" : [ [ "Identity", "Illumina PE Library", "Illumina PE Library Seq", "gDNA" ] ],
        "geo_tissue_origin" : [ [ "Sp" ] ],
        "geo_tissue_type" : [ [ "R" ] ]
      },
      "sequencerRunName" : [ "111110_h1080_0084_AC08UPACXX" ],
      "sequencerRunAttributes" : {
        "geo_instrument_run_id" : [ [ "860" ] ]
      },
      "laneName" : [ "111110_h1080_0084_AC08UPACXX_lane_5" ],
      "laneAttributes" : {
        "geo_lane" : [ [ "5" ] ]
      },
      "iusTag" : [ "CAGATC" ],
      "iusAttributes" : { },
      "workflowName" : [ "FingerprintCollector" ],
      "processingAlgorithm" : [ "ProvisionFiles" ],
      "processingAttributes" : { },
      "fileMetaType" : [ "application/vcf-4-gzip" ],
      "fileAttributes" : { },
      "fileId" : 1016308153
    }, {
      "studyTitle" : [ "ABvsInvitrogenReagentComp" ],
      "studyAttributes" : {
        "geo_lab_group_id" : [ [ "53" ] ]
      },
      "experimentName" : [ ],
      "experimentAttributes" : { },
      "sampleName" : [ "PCSI_0120_St_R_PE_420_EX" ],
      "sampleAttributes" : {
        "geo_external_name" : [ [ "1465" ] ],
        "geo_library_source_template_type" : [ [ "EX" ] ],
        "geo_organism" : [ [ "Homo sapiens" ] ],
        "geo_prep_kit" : [ [ "GA_multiplex" ] ],
        "geo_reaction_id" : [ [ "5395" ] ],
        "geo_run_id_and_position_and_slot" : [ [ "860_6_1" ] ],
        "geo_targeted_resequencing" : [ [ "Agilent SureSelect ICGC/Sanger Exon" ] ],
        "geo_template_id" : [ [ "13125", "13175", "13600", "14433", "14434" ] ],
        "geo_template_type" : [ [ "Identity", "Illumina PE Library", "Illumina PE Library Seq", "gDNA" ] ],
        "geo_tissue_origin" : [ [ "St" ] ],
        "geo_tissue_type" : [ [ "R" ] ]
      },
      "sequencerRunName" : [ "111110_h1080_0084_AC08UPACXX" ],
      "sequencerRunAttributes" : {
        "geo_instrument_run_id" : [ [ "860" ] ]
      },
      "laneName" : [ "111110_h1080_0084_AC08UPACXX_lane_6" ],
      "laneAttributes" : {
        "geo_lane" : [ [ "6" ] ]
      },
      "iusTag" : [ "ACTTGA" ],
      "iusAttributes" : { },
      "workflowName" : [ "FingerprintCollector" ],
      "processingAlgorithm" : [ "ProvisionFiles" ],
      "processingAttributes" : { },
      "fileMetaType" : [ "application/vcf-4-gzip" ],
      "fileAttributes" : { },
      "fileId" : 16812309
    } ],
    "outputFileProvenanceRecords" : 8
  } ]
}