{
  "workflowRunCount" : 1,
  "studies" : [ "AshPC" ],
  "sequencerRuns" : [ "140716_SN7001179_0200_BC52T4ACXX" ],
  "lanes" : [ "140716_SN7001179_0200_BC52T4ACXX_lane_3" ],
  "samples" : [ "ASHPC_0027_Pa_P_PE_719_WG" ],
  "workflows" : [ "FingerprintCollector" ],
  "processingAlgorithms" : [ "ProvisionFiles" ],
  "fileMetaTypes" : [ "application/vcf-4-gzip" ],
  "maxInputFiles" : 1,
  "minInputFiles" : 1,
  "totalInputFiles" : 1,
  "maxOutputFileProvenanceRecords" : 1,
  "minOutputFileProvenanceRecords" : 1,
  "totalOutputFileProvenanceRecords" : 1,
  "workflowRuns" : [ {
    "workflowIni" : {
      "allow_singletons" : "false",
      "check_points" : "400",
      "checked_snps" : "/.mounts/labs/PDE/data/SampleFingerprinting/snps/dbsnp137.hg19.402.overlap.vcf.gz",
      "data_dir" : "data",
      "existing_matrix" : "",
      "genome_file" : "/.mounts/labs/PDE/data/SampleFingerprinting/fasta/hg19.fa",
      "manual_output" : "false",
      "memory_job_alert" : "4000",
      "memory_job_copy" : "4000",
      "memory_job_jaccard" : "16000",
      "memory_job_jchunk" : "4000",
      "memory_job_link_maker" : "4000",
      "memory_job_list_writer" : "4000",
      "memory_job_list_writer2" : "4000",
      "memory_make_pics" : "8000",
      "memory_prox_table" : "8000",
      "memory_zip_fins" : "4000",
      "memory_zip_report" : "4000",
      "metadata" : "metadata",
      "mixed_coverage" : "false",
      "output_dir" : "seqware-results",
      "queue" : "",
      "samtools_version" : "0.1.19",
      "study_name" : "AshPC",
      "tabix_version" : "0.2.6",
      "vcftools_version" : "0.1.10",
      "watchers_list" : "pruzanov@oicr.on.ca"
    },
    "files" : [ {
      "studyTitle" : [ "AshPC" ],
      "studyAttributes" : {
        "geo_lab_group_id" : [ [ "156" ] ]
      },
      "experimentName" : [ ],
      "experimentAttributes" : { },
      "sampleName" : [ "ASHPC_0027_Pa_P_PE_719_WG" ],
      "sampleAttributes" : {
        "geo_external_name" : [ [ "70596" ] ],
        "geo_library_source_template_type" : [ [ "WG" ] ],
        "geo_organism" : [ [ "Homo sapiens" ] ],
        "geo_purpose" : [ [ "Library" ] ],
        "geo_run_id_and_position_and_slot" : [ [ "1715_1_1", "1715_2_1", "1715_3_1", "1715_4_1", "1715_5_1", "1736_3_2", "1994_3_2" ] ],
        "geo_str_result" : [ [ "Not Submitted" ] ],
        "geo_template_id" : [ [ "34658", "52190", "52192", "52412", "52430" ] ],
        "geo_template_type" : [ [ "Identity", "Illumina PE Library", "Illumina PE Library Seq", "Primary Tumor Tissue", "gDNA" ] ],
        "geo_tissue_origin" : [ [ "Pa" ] ],
        "geo_tissue_type" : [ [ "P" ] ]
      },
      "sequencerRunName" : [ "140716_SN7001179_0200_BC52T4ACXX" ],
      "sequencerRunAttributes" : {
        "geo_instrument_run_id" : [ [ "1994" ] ]
      },
      "laneName" : [ "140716_SN7001179_0200_BC52T4ACXX_lane_3" ],
      "laneAttributes" : {
        "geo_lane" : [ [ "3" ] ]
      },
      "iusTag" : [ "NoIndex" ],
      "iusAttributes" : { },
      "workflowName" : [ "FingerprintCollector" ],
      "processingAlgorithm" : [ "ProvisionFiles" ],
      "processingAttributes" : { },
      "fileMetaType" : [ "application/vcf-4-gzip" ],
      "fileAttributes" : { },
      "fileId" : -1051809594
    } ],
    "outputFileProvenanceRecords" : 1
  } ]
}