{
  "workflowRunCount" : 1,
  "studies" : [ "PCSI" ],
  "sequencerRuns" : [ "121011_SN802_0091_AD1DDBACXX" ],
  "lanes" : [ "121011_SN802_0091_AD1DDBACXX_lane_2", "121011_SN802_0091_AD1DDBACXX_lane_3", "121011_SN802_0091_AD1DDBACXX_lane_4", "121011_SN802_0091_AD1DDBACXX_lane_5", "121011_SN802_0091_AD1DDBACXX_lane_6" ],
  "samples" : [ "PCSI_0090_Ly_R_PE_414_EX", "PCSI_0112_Ly_R_PE_389_EX", "PCSI_0125_Pa_P_PE_409_EX", "PCSI_0131_Pa_P_PE_389_EX", "PCSI_0167_Pa_P_PE_397_EX" ],
  "workflows" : [ "FingerprintCollector" ],
  "processingAlgorithms" : [ "ProvisionFiles" ],
  "fileMetaTypes" : [ "application/vcf-4-gzip" ],
  "maxInputFiles" : 5,
  "minInputFiles" : 5,
  "totalInputFiles" : 5,
  "maxOutputFileProvenanceRecords" : 5,
  "minOutputFileProvenanceRecords" : 5,
  "totalOutputFileProvenanceRecords" : 5,
  "workflowRuns" : [ {
    "workflowIni" : {
      "allow_singletons" : "false",
      "check_points" : "400",
      "checked_snps" : "/.mounts/labs/PDE/data/SampleFingerprinting/snps/dbsnp137.hg19.402.overlap.vcf.gz",
      "data_dir" : "data",
      "existing_matrix" : "",
      "genome_file" : "/.mounts/labs/PDE/data/SampleFingerprinting/fasta/hg19.fa",
      "manual_output" : "false",
      "memory_job_alert" : "4000",
      "memory_job_copy" : "4000",
      "memory_job_jaccard" : "16000",
      "memory_job_jchunk" : "4000",
      "memory_job_link_maker" : "4000",
      "memory_job_list_writer" : "4000",
      "memory_job_list_writer2" : "4000",
      "memory_make_pics" : "8000",
      "memory_prox_table" : "8000",
      "memory_zip_fins" : "4000",
      "memory_zip_report" : "4000",
      "metadata" : "metadata",
      "mixed_coverage" : "false",
      "output_dir" : "seqware-results",
      "queue" : "",
      "samtools_version" : "0.1.19",
      "study_name" : "PCSI",
      "tabix_version" : "0.2.6",
      "vcftools_version" : "0.1.10",
      "watchers_list" : "pruzanov@oicr.on.ca"
    },
    "files" : [ {
      "studyTitle" : [ "PCSI" ],
      "studyAttributes" : {
        "geo_lab_group_id" : [ [ "33" ] ]
      },
      "experimentName" : [ ],
      "experimentAttributes" : { },
      "sampleName" : [ "PCSI_0090_Ly_R_PE_414_EX" ],
      "sampleAttributes" : {
        "geo_external_name" : [ [ "13122NL", "2011-04-19" ] ],
        "geo_library_source_template_type" : [ [ "EX" ] ],
        "geo_organism" : [ [ "Homo sapiens" ] ],
        "geo_prep_kit" : [ [ "GA_multiplex" ] ],
        "geo_purpose" : [ [ "2011-04-19", "Library" ] ],
        "geo_reaction_id" : [ [ "7848" ] ],
        "geo_run_id_and_position_and_slot" : [ [ "1184_2_1" ] ],
        "geo_str_result" : [ [ "2011-04-19", "Pass" ] ],
        "geo_targeted_resequencing" : [ [ "Agilent SureSelect ICGC/Sanger Exon" ] ],
        "geo_template_id" : [ [ "11089", "11455", "20899", "23815", "23816" ] ],
        "geo_template_type" : [ [ "Identity", "Illumina PE Library", "Illumina PE Library Seq", "gDNA" ] ],
        "geo_tissue_origin" : [ [ "Ly" ] ],
        "geo_tissue_type" : [ [ "R" ] ]
      },
      "sequencerRunName" : [ "121011_SN802_0091_AD1DDBACXX" ],
      "sequencerRunAttributes" : {
        "geo_instrument_run_id" : [ [ "1184" ] ]
      },
      "laneName" : [ "121011_SN802_0091_AD1DDBACXX_lane_2" ],
      "laneAttributes" : {
        "geo_lane" : [ [ "2" ] ]
      },
      "iusTag" : [ "ACTTGA" ],
      "iusAttributes" : { },
      "workflowName" : [ "FingerprintCollector" ],
      "processingAlgorithm" : [ "ProvisionFiles" ],
      "processingAttributes" : { },
      "fileMetaType" : [ "application/vcf-4-gzip" ],
      "fileAttributes" : { },
      "fileId" : -284910845
    }, {
      "studyTitle" : [ "PCSI" ],
      "studyAttributes" : {
        "geo_lab_group_id" : [ [ "33" ] ]
      },
      "experimentName" : [ ],
      "experimentAttributes" : { },
      "sampleName" : [ "PCSI_0112_Ly_R_PE_389_EX" ],
      "sampleAttributes" : {
        "geo_external_name" : [ [ "932-1" ] ],
        "geo_library_source_template_type" : [ [ "EX" ] ],
        "geo_organism" : [ [ "Homo sapiens" ] ],
        "geo_prep_kit" : [ [ "GA_multiplex" ] ],
        "geo_purpose" : [ [ "Library" ] ],
        "geo_reaction_id" : [ [ "7851" ] ],
        "geo_run_id_and_position_and_slot" : [ [ "1184_3_1" ] ],
        "geo_str_result" : [ [ "Pass" ] ],
        "geo_targeted_resequencing" : [ [ "Agilent SureSelect ICGC/Sanger Exon" ] ],
        "geo_template_id" : [ [ "13117", "13160", "20903", "23819", "23820" ] ],
        "geo_template_type" : [ [ "Identity", "Illumina PE Library", "Illumina PE Library Seq", "gDNA" ] ],
        "geo_tissue_origin" : [ [ "Ly" ] ],
        "geo_tissue_type" : [ [ "R" ] ]
      },
      "sequencerRunName" : [ "121011_SN802_0091_AD1DDBACXX" ],
      "sequencerRunAttributes" : {
        "geo_instrument_run_id" : [ [ "1184" ] ]
      },
      "laneName" : [ "121011_SN802_0091_AD1DDBACXX_lane_3" ],
      "laneAttributes" : {
        "geo_lane" : [ [ "3" ] ]
      },
      "iusTag" : [ "GGCTAC" ],
      "iusAttributes" : { },
      "workflowName" : [ "FingerprintCollector" ],
      "processingAlgorithm" : [ "ProvisionFiles" ],
      "processingAttributes" : { },
      "fileMetaType" : [ "application/vcf-4-gzip" ],
      "fileAttributes" : { },
      "fileId" : 829096270
    }, {
      "studyTitle" : [ "PCSI" ],
      "studyAttributes" : {
        "geo_lab_group_id" : [ [ "33" ] ]
      },
      "experimentName" : [ ],
      "experimentAttributes" : { },
      "sampleName" : [ "PCSI_0125_Pa_P_PE_409_EX" ],
      "sampleAttributes" : {
        "geo_external_name" : [ [ "1494", "2011-04-19" ] ],
        "geo_library_source_template_type" : [ [ "EX" ] ],
        "geo_organism" : [ [ "Homo sapiens" ] ],
        "geo_prep_kit" : [ [ "GA_multiplex" ] ],
        "geo_purpose" : [ [ "2011-04-19", "Library" ] ],
        "geo_reaction_id" : [ [ "7852" ] ],
        "geo_receive_date" : [ [ "2011-04-19", "2011-09-08" ] ],
        "geo_run_id_and_position_and_slot" : [ [ "1184_4_1" ] ],
        "geo_str_result" : [ [ "2011-04-19", "Pass" ] ],
        "geo_targeted_resequencing" : [ [ "Agilent SureSelect ICGC/Sanger Exon" ] ],
        "geo_template_id" : [ [ "13130", "13188", "13922", "20907", "23821", "23822" ] ],
        "geo_template_type" : [ [ "Identity", "Illumina PE Library", "Illumina PE Library Seq", "Primary Tumor Tissue", "gDNA" ] ],
        "geo_tissue_origin" : [ [ "Pa" ] ],
        "geo_tissue_type" : [ [ "P" ] ]
      },
      "sequencerRunName" : [ "121011_SN802_0091_AD1DDBACXX" ],
      "sequencerRunAttributes" : {
        "geo_instrument_run_id" : [ [ "1184" ] ]
      },
      "laneName" : [ "121011_SN802_0091_AD1DDBACXX_lane_4" ],
      "laneAttributes" : {
        "geo_lane" : [ [ "4" ] ]
      },
      "iusTag" : [ "CTTGTA" ],
      "iusAttributes" : { },
      "workflowName" : [ "FingerprintCollector" ],
      "processingAlgorithm" : [ "ProvisionFiles" ],
      "processingAttributes" : { },
      "fileMetaType" : [ "application/vcf-4-gzip" ],
      "fileAttributes" : { },
      "fileId" : -310729950
    }, {
      "studyTitle" : [ "PCSI" ],
      "studyAttributes" : {
        "geo_lab_group_id" : [ [ "33" ] ]
      },
      "experimentName" : [ ],
      "experimentAttributes" : { },
      "sampleName" : [ "PCSI_0131_Pa_P_PE_389_EX" ],
      "sampleAttributes" : {
        "geo_external_name" : [ [ "1419", "MGH14193ZA" ] ],
        "geo_library_source_template_type" : [ [ "EX" ] ],
        "geo_organism" : [ [ "Homo sapiens" ] ],
        "geo_prep_kit" : [ [ "GA_multiplex" ] ],
        "geo_purpose" : [ [ "Library", "Stock" ] ],
        "geo_reaction_id" : [ [ "7850" ] ],
        "geo_receive_date" : [ [ "2012-01-25" ] ],
        "geo_run_id_and_position_and_slot" : [ [ "1184_5_1" ] ],
        "geo_str_result" : [ [ "Pass" ] ],
        "geo_targeted_resequencing" : [ [ "Agilent SureSelect ICGC/Sanger Exon" ] ],
        "geo_template_id" : [ [ "13136", "18152", "18158", "21335", "23817", "23818" ] ],
        "geo_template_type" : [ [ "Identity", "Illumina PE Library", "Illumina PE Library Seq", "Primary Tumor Tissue", "gDNA" ] ],
        "geo_tissue_origin" : [ [ "Pa" ] ],
        "geo_tissue_preparation" : [ [ "Fresh Frozen" ] ],
        "geo_tissue_type" : [ [ "P" ] ]
      },
      "sequencerRunName" : [ "121011_SN802_0091_AD1DDBACXX" ],
      "sequencerRunAttributes" : {
        "geo_instrument_run_id" : [ [ "1184" ] ]
      },
      "laneName" : [ "121011_SN802_0091_AD1DDBACXX_lane_5" ],
      "laneAttributes" : {
        "geo_lane" : [ [ "5" ] ]
      },
      "iusTag" : [ "TAGCTT" ],
      "iusAttributes" : { },
      "workflowName" : [ "FingerprintCollector" ],
      "processingAlgorithm" : [ "ProvisionFiles" ],
      "processingAttributes" : { },
      "fileMetaType" : [ "application/vcf-4-gzip" ],
      "fileAttributes" : { },
      "fileId" : 132340735
    }, {
      "studyTitle" : [ "PCSI" ],
      "studyAttributes" : {
        "geo_lab_group_id" : [ [ "33" ] ]
      },
      "experimentName" : [ ],
      "experimentAttributes" : { },
      "sampleName" : [ "PCSI_0167_Pa_P_PE_397_EX" ],
      "sampleAttributes" : {
        "geo_external_name" : [ [ "64953", "64953 " ] ],
        "geo_library_source_template_type" : [ [ "EX" ] ],
        "geo_organism" : [ [ "Homo sapiens" ] ],
        "geo_prep_kit" : [ [ "GA_multiplex" ] ],
        "geo_purpose" : [ [ "Library", "Stock" ] ],
        "geo_reaction_id" : [ [ "7853" ] ],
        "geo_receive_date" : [ [ "2011-12-05" ] ],
        "geo_run_id_and_position_and_slot" : [ [ "1184_6_1" ] ],
        "geo_str_result" : [ [ "Pass" ] ],
        "geo_targeted_resequencing" : [ [ "Agilent SureSelect ICGC/Sanger Exon" ] ],
        "geo_template_id" : [ [ "17071", "17126", "18163", "20227", "23823", "23824" ] ],
        "geo_template_type" : [ [ "Identity", "Illumina PE Library", "Illumina PE Library Seq", "Primary Tumor Tissue", "gDNA" ] ],
        "geo_tissue_origin" : [ [ "Pa" ] ],
        "geo_tissue_preparation" : [ [ "Fresh Frozen" ] ],
        "geo_tissue_type" : [ [ "P" ] ]
      },
      "sequencerRunName" : [ "121011_SN802_0091_AD1DDBACXX" ],
      "sequencerRunAttributes" : {
        "geo_instrument_run_id" : [ [ "1184" ] ]
      },
      "laneName" : [ "121011_SN802_0091_AD1DDBACXX_lane_6" ],
      "laneAttributes" : {
        "geo_lane" : [ [ "6" ] ]
      },
      "iusTag" : [ "ATCACG" ],
      "iusAttributes" : { },
      "workflowName" : [ "FingerprintCollector" ],
      "processingAlgorithm" : [ "ProvisionFiles" ],
      "processingAttributes" : { },
      "fileMetaType" : [ "application/vcf-4-gzip" ],
      "fileAttributes" : { },
      "fileId" : -666180481
    } ],
    "outputFileProvenanceRecords" : 5
  } ]
}